C51 COMPILER V9.59.0.0   MAIN                                                              10/14/2021 18:54:54 PAGE 1   


C51 COMPILER V9.59.0.0, COMPILATION OF MODULE MAIN
OBJECT MODULE PLACED IN .\Objects\main.obj
COMPILER INVOKED BY: C:\Keil_v5\C51\BIN\C51.EXE main.c LARGE OPTIMIZE(8,SPEED) BROWSE DEBUG OBJECTEXTEND PRINT(.\Listing
                    -s\main.lst) TABS(2) OBJECT(.\Objects\main.obj)

line level    source

   1          #include<AS608.h>
   2          #include<NVIC.h>
   3          
   4          uchar flag=0;
   5          char local_date=0;
   6          uint finger_id = 0;
   7          uchar Buffer [];
   8          uint State = 0;
   9          
  10          void main()
  11          {          
  12   1          P1 = 0xff;
  13   1            lcd_init();
  14   1            //NVIC_Init();
  15   1            display(1,0,"Fingerprint Test");
  16   1            Uart_Init();                                                                 //初始化串口
  17   1            Key_Init();                                                                    //初始化按键
  18   1            Delay_ms(5000);                                                                //延时500MS，等待指纹模块复位
  19   1            Device_Check();                                                                //校对指纹模块是否接入正确，液晶做出相应的
             -提示
  20   1            Delay_ms(1000);                                                                //对接成功界面停留一定时间
  21   1            while(1)
  22   1            {
  23   2        /***********************************进入主功能界面*********************************************/
  24   2                  display(0,1,"Search finger ");                                             //第一排显示搜索指纹
  25   2                  display(1,1,"Add finger    ");
  26   2                  display(2,1,"Delete all    ");                                               //添加和删除指纹
  27   2                  display(3,1,"Exit          ");
  28   2                  if(local_date==0)
  29   2                  {
  30   3                    display(0,0," *");
  31   3                    display(1,0,"  ");
  32   3                    display(2,0,"  ");
  33   3                    display(3,0,"  ");
  34   3                  }
  35   2                  else if(local_date==1)
  36   2                  {
  37   3                    display(0,0,"  ");
  38   3                    display(1,0," *");
  39   3                    display(2,0,"  ");
  40   3                    display(3,0,"  ");            
  41   3                  }
  42   2                  else if(local_date==2)
  43   2                  {
  44   3                    display(0,0,"  ");
  45   3                    display(1,0,"  ");
  46   3                    display(2,0," *");      
  47   3                    display(3,0,"  ");
  48   3                  }   
  49   2                  else if(local_date==3)
  50   2                  {
  51   3                    display(0,0,"  ");
  52   3                    display(1,0,"  ");
  53   3                    display(2,0,"  ");      
C51 COMPILER V9.59.0.0   MAIN                                                              10/14/2021 18:54:54 PAGE 2   

  54   3                    display(3,0," *");
  55   3                  }           
  56   2        /***************************************确认键**************************************************/
  57   2                  if(KEY_OK == 0)
  58   2                  {
  59   3                  Delay_ms(5);
  60   3                  if(KEY_OK == 0)
  61   3                  {         
  62   4                    while(KEY_OK == 0);                                                   //等待松开按键                                        
             -                       
  63   4                    switch(local_date)
  64   4                    {
  65   5                    case 0:                                                               //搜索指纹        
  66   5                            flag=1;                                       
  67   5                            AS608_Find_Fingerprint();   
  68   5                    break;        
  69   5                   
  70   5                    case 1:                                                               //添加指纹
  71   5                            flag=1;                                                       //flag=1，若指纹库为空，则可以直接添加指纹              
             -                  
  72   5                            if(AS608_number_of_fingers())
  73   5                            {
  74   6                              flag=0;                                                     //flag置0由两重作用：
  75   6                                                                                          //1、指纹库中已有指纹，则需要搜索匹配成功，由AS608_Find_Fingerpr
             -int()将flag置1，才能添加指纹
  76   6                                                                                          //2、flag=0，则在搜索指纹成功后不执行开锁操作
  77   6                              AS608_Find_Fingerprint();
  78   6                            }
  79   5                            if(flag)
  80   5                            {
  81   6                              AS608_Add_Fingerprint();
  82   6                            }
  83   5                    break;                                         
  84   5                    
  85   5                    case 2:                                                               //清空指纹
  86   5                            flag=0;                                                       //1、在搜索指纹成功后不执行开锁操
             -作；2、若搜索不成功，不执行清空操作
  87   5                            AS608_Find_Fingerprint();                                     //搜索匹配成功后，函数内部将flag置1，才能清空指纹库
  88   5                            if(flag)
  89   5                            {
  90   6                              AS608_Delete_All_Fingerprint();
  91   6                            }
  92   5                    break;
  93   5                          }
  94   4                      }
  95   3                  }
  96   2        /***************************************切换键**************************************************/
  97   2                          if(KEY_DOWN == 0)
  98   2                          {
  99   3                            Delay_ms(5);
 100   3                            if(KEY_DOWN == 0)
 101   3                            {
 102   4                               while(KEY_DOWN == 0);  
 103   4                               if(local_date<=3)
 104   4                               {
 105   5                                  local_date++;
 106   5                                  if(local_date==4) local_date=0;                                                
 107   5                               }               
 108   4                            }
 109   3                          }
 110   2                          if(KEY_UP == 0)
 111   2                          {
C51 COMPILER V9.59.0.0   MAIN                                                              10/14/2021 18:54:54 PAGE 3   

 112   3                            Delay_ms(5);
 113   3                            if(KEY_UP == 0)
 114   3                            {
 115   4                              while(KEY_UP == 0);
 116   4                              if(local_date>=0)
 117   4                              {
 118   5                                local_date--;
 119   5                                if(local_date == -1) local_date=3;
 120   5                              }
 121   4                            
 122   4                          }
 123   3                          Delay_ms(10);                   //延时判断100MS检测一次               
 124   3                          State = 0;
 125   3              }
 126   2        }
 127   1      }
 128          
 129          /*void NVIC(void) interrupt 0
 130          {
 131          }*/


MODULE INFORMATION:   STATIC OVERLAYABLE
   CODE SIZE        =    508    ----
   CONSTANT SIZE    =     83    ----
   XDATA SIZE       =      6    ----
   PDATA SIZE       =   ----    ----
   DATA SIZE        =   ----    ----
   IDATA SIZE       =   ----    ----
   BIT SIZE         =   ----    ----
END OF MODULE INFORMATION.


C51 COMPILATION COMPLETE.  0 WARNING(S),  0 ERROR(S)
