BL51 BANKED LINKER/LOCATER V6.22.2.0                                                    10/14/2021  18:54:56  PAGE 1


BL51 BANKED LINKER/LOCATER V6.22.2.0, INVOKED BY:
C:\KEIL_V5\C51\BIN\BL51.EXE .\Objects\delay.obj, .\Objects\main.obj, .\Objects\Uart.obj, .\Objects\Key.obj, .\Objects\Be
>> ep.obj, .\Objects\LCD12864.obj, .\Objects\AS608.obj, .\Objects\NVIC.obj TO .\Objects\Test PRINT (.\Listings\Test.m51)
>>  RAMSIZE (256)


MEMORY MODEL: LARGE


INPUT MODULES INCLUDED:
  .\Objects\delay.obj (DELAY)
  .\Objects\main.obj (MAIN)
  .\Objects\Uart.obj (UART)
  .\Objects\Key.obj (KEY)
  .\Objects\Beep.obj (BEEP)
  .\Objects\LCD12864.obj (LCD12864)
  .\Objects\AS608.obj (AS608)
  .\Objects\NVIC.obj (NVIC)
  C:\KEIL_V5\C51\LIB\C51L.LIB (?C_STARTUP)
  C:\KEIL_V5\C51\LIB\C51L.LIB (?C?CLDPTR)
  C:\KEIL_V5\C51\LIB\C51L.LIB (?C?IILDX)
  C:\KEIL_V5\C51\LIB\C51L.LIB (?C?ULSHR)
  C:\KEIL_V5\C51\LIB\C51L.LIB (?C?LSTXDATA)
  C:\KEIL_V5\C51\LIB\C51L.LIB (?C?LSTKXDATA)
  C:\KEIL_V5\C51\LIB\C51L.LIB (?C_INIT)


LINK MAP OF MODULE:  .\Objects\Test (DELAY)


            TYPE    BASE      LENGTH    RELOCATION   SEGMENT NAME
            -----------------------------------------------------

            * * * * * * *   D A T A   M E M O R Y   * * * * * * *
            REG     0000H     0008H     ABSOLUTE     "REG BANK 0"
            IDATA   0008H     0001H     UNIT         ?STACK

            * * * * * * *  X D A T A   M E M O R Y  * * * * * * *
            XDATA   0000H     0029H     UNIT         ?XD?AS608
            XDATA   0029H     0007H     UNIT         _XDATA_GROUP_
            XDATA   0030H     0006H     UNIT         ?XD?MAIN

            * * * * * * *   C O D E   M E M O R Y   * * * * * * *
            CODE    0000H     0003H     ABSOLUTE     
            CODE    0003H     01FCH     UNIT         ?PR?MAIN?MAIN
            CODE    01FFH     01C7H     UNIT         ?PR?AS608_ADD_FINGERPRINT?AS608
            CODE    03C6H     0155H     UNIT         ?CO?AS608
            CODE    051BH     00B9H     UNIT         ?PR?_AS608_CMD_SAVE_FINGER?AS608
            CODE    05D4H     00AAH     UNIT         ?PR?AS608_FIND_FINGERPRINT?AS608
            CODE    067EH     008CH     UNIT         ?C_C51STARTUP
            CODE    070AH     007FH     UNIT         ?C?LIB_CODE
            CODE    0789H     0067H     UNIT         ?PR?AS608_DELETE_ALL_FINGERPRINT?AS608
            CODE    07F0H     005FH     UNIT         ?PR?AS608_NUMBER_OF_FINGERS?AS608
            CODE    084FH     0058H     UNIT         ?PR?_DISPLAY?LCD12864
            CODE    08A7H     0053H     UNIT         ?CO?MAIN
            CODE    08FAH     0051H     UNIT         ?PR?DEVICE_CHECK?AS608
            CODE    094BH     0044H     UNIT         ?PR?AS608_CMD_CHECK?AS608
            CODE    098FH     003AH     UNIT         ?PR?AS608_CMD_SEND_PACK_HEAD?AS608
BL51 BANKED LINKER/LOCATER V6.22.2.0                                                  10/14/2021  18:54:56  PAGE 2


            CODE    09C9H     0032H     UNIT         ?PR?LCD_INIT?LCD12864
            CODE    09FBH     002FH     UNIT         ?PR?_BEEP_TIMES?BEEP
            CODE    0A2AH     002EH     UNIT         ?PR?_AS608_RECEIVE_DATA?AS608
            CODE    0A58H     0028H     UNIT         ?PR?AS608_CMD_GET_IMG?AS608
            CODE    0A80H     0028H     UNIT         ?PR?FINGERPRINT_CMD_IMG_TO_BUFFER1?AS608
            CODE    0AA8H     0028H     UNIT         ?PR?FINGERPRINT_CMD_IMG_TO_BUFFER2?AS608
            CODE    0AD0H     0028H     UNIT         ?PR?AS608_CMD_SEARCH_FINGER?AS608
            CODE    0AF8H     0028H     UNIT         ?PR?AS608_CMD_REG_MODEL?AS608
            CODE    0B20H     0028H     UNIT         ?PR?FINGERPRINT_CMD_DELETE_ALL_MODEL?AS608
            CODE    0B48H     001FH     UNIT         ?C_INITSEG
            CODE    0B67H     001BH     UNIT         ?PR?_LCD_WCMD?LCD12864
            CODE    0B82H     001BH     UNIT         ?PR?_LCD_WDAT?LCD12864
            CODE    0B9DH     0017H     UNIT         ?PR?_DELAY_MS?DELAY
            CODE    0BB4H     0014H     UNIT         ?PR?UART_INIT?UART
            CODE    0BC8H     0009H     UNIT         ?PR?KEY_INIT?KEY
            CODE    0BD1H     0008H     UNIT         ?PR?_UART_SEND_BYTE?UART
            CODE    0BD9H     0008H     UNIT         ?PR?UART_RECEIVE_BYTE?UART
            CODE    0BE1H     0007H     UNIT         ?PR?NVIC_INIT?NVIC



OVERLAY MAP OF MODULE:   .\Objects\Test (DELAY)


SEGMENT                                            XDATA_GROUP
  +--> CALLED SEGMENT                            START    LENGTH
----------------------------------------------------------------
?C_C51STARTUP                                    -----    -----
  +--> ?PR?MAIN?MAIN
  +--> ?C_INITSEG

?PR?MAIN?MAIN                                    -----    -----
  +--> ?PR?LCD_INIT?LCD12864
  +--> ?CO?MAIN
  +--> ?PR?_DISPLAY?LCD12864
  +--> ?PR?UART_INIT?UART
  +--> ?PR?KEY_INIT?KEY
  +--> ?PR?_DELAY_MS?DELAY
  +--> ?PR?DEVICE_CHECK?AS608
  +--> ?PR?AS608_FIND_FINGERPRINT?AS608
  +--> ?PR?AS608_NUMBER_OF_FINGERS?AS608
  +--> ?PR?AS608_ADD_FINGERPRINT?AS608
  +--> ?PR?AS608_DELETE_ALL_FINGERPRINT?AS608

?PR?LCD_INIT?LCD12864                            -----    -----
  +--> ?PR?_LCD_WCMD?LCD12864
  +--> ?PR?_DELAY_MS?DELAY

?PR?_LCD_WCMD?LCD12864                           -----    -----
  +--> ?PR?_DELAY_MS?DELAY

?PR?_DISPLAY?LCD12864                            002BH    0003H
  +--> ?PR?_LCD_WCMD?LCD12864
  +--> ?PR?_LCD_WDAT?LCD12864

?PR?_LCD_WDAT?LCD12864                           -----    -----
  +--> ?PR?_DELAY_MS?DELAY
BL51 BANKED LINKER/LOCATER V6.22.2.0                                                  10/14/2021  18:54:56  PAGE 3



?PR?DEVICE_CHECK?AS608                           0029H    0001H
  +--> ?CO?AS608
  +--> ?PR?_DISPLAY?LCD12864
  +--> ?PR?_DELAY_MS?DELAY
  +--> ?PR?AS608_CMD_CHECK?AS608
  +--> ?PR?_AS608_RECEIVE_DATA?AS608
  +--> ?PR?_LCD_WCMD?LCD12864

?PR?AS608_CMD_CHECK?AS608                        002AH    0002H
  +--> ?PR?AS608_CMD_SEND_PACK_HEAD?AS608
  +--> ?CO?AS608
  +--> ?PR?_UART_SEND_BYTE?UART

?PR?AS608_CMD_SEND_PACK_HEAD?AS608               002EH    0002H
  +--> ?CO?AS608
  +--> ?PR?_UART_SEND_BYTE?UART

?PR?_AS608_RECEIVE_DATA?AS608                    002CH    0002H
  +--> ?PR?UART_RECEIVE_BYTE?UART

?PR?AS608_FIND_FINGERPRINT?AS608                 0029H    0002H
  +--> ?CO?AS608
  +--> ?PR?_DISPLAY?LCD12864
  +--> ?PR?AS608_CMD_GET_IMG?AS608
  +--> ?PR?_AS608_RECEIVE_DATA?AS608
  +--> ?PR?_DELAY_MS?DELAY
  +--> ?PR?FINGERPRINT_CMD_IMG_TO_BUFFER1?AS608
  +--> ?PR?AS608_CMD_SEARCH_FINGER?AS608
  +--> ?PR?_BEEP_TIMES?BEEP

?PR?AS608_CMD_GET_IMG?AS608                      002BH    0001H
  +--> ?PR?AS608_CMD_SEND_PACK_HEAD?AS608
  +--> ?CO?AS608
  +--> ?PR?_UART_SEND_BYTE?UART

?PR?FINGERPRINT_CMD_IMG_TO_BUFFER1?AS608         002BH    0001H
  +--> ?PR?AS608_CMD_SEND_PACK_HEAD?AS608
  +--> ?CO?AS608
  +--> ?PR?_UART_SEND_BYTE?UART

?PR?AS608_CMD_SEARCH_FINGER?AS608                002BH    0001H
  +--> ?PR?AS608_CMD_SEND_PACK_HEAD?AS608
  +--> ?CO?AS608
  +--> ?PR?_UART_SEND_BYTE?UART

?PR?_BEEP_TIMES?BEEP                             002BH    0002H
  +--> ?PR?_DELAY_MS?DELAY

?PR?AS608_NUMBER_OF_FINGERS?AS608                0029H    0003H
  +--> ?PR?AS608_CMD_SEND_PACK_HEAD?AS608
  +--> ?CO?AS608
  +--> ?PR?_UART_SEND_BYTE?UART
  +--> ?PR?_AS608_RECEIVE_DATA?AS608

?PR?AS608_ADD_FINGERPRINT?AS608                  -----    -----
  +--> ?PR?_LCD_WCMD?LCD12864
BL51 BANKED LINKER/LOCATER V6.22.2.0                                                  10/14/2021  18:54:56  PAGE 4


  +--> ?PR?_DELAY_MS?DELAY
  +--> ?CO?AS608
  +--> ?PR?_DISPLAY?LCD12864
  +--> ?PR?AS608_CMD_GET_IMG?AS608
  +--> ?PR?_AS608_RECEIVE_DATA?AS608
  +--> ?PR?FINGERPRINT_CMD_IMG_TO_BUFFER1?AS608
  +--> ?PR?_BEEP_TIMES?BEEP
  +--> ?PR?FINGERPRINT_CMD_IMG_TO_BUFFER2?AS608
  +--> ?PR?AS608_CMD_REG_MODEL?AS608
  +--> ?PR?_AS608_CMD_SAVE_FINGER?AS608

?PR?FINGERPRINT_CMD_IMG_TO_BUFFER2?AS608         0029H    0001H
  +--> ?PR?AS608_CMD_SEND_PACK_HEAD?AS608
  +--> ?CO?AS608
  +--> ?PR?_UART_SEND_BYTE?UART

?PR?AS608_CMD_REG_MODEL?AS608                    0029H    0001H
  +--> ?PR?AS608_CMD_SEND_PACK_HEAD?AS608
  +--> ?CO?AS608
  +--> ?PR?_UART_SEND_BYTE?UART

?PR?_AS608_CMD_SAVE_FINGER?AS608                 0029H    0005H
  +--> ?PR?AS608_CMD_SEND_PACK_HEAD?AS608
  +--> ?PR?_UART_SEND_BYTE?UART

?PR?AS608_DELETE_ALL_FINGERPRINT?AS608           0029H    0001H
  +--> ?CO?AS608
  +--> ?PR?_DISPLAY?LCD12864
  +--> ?PR?_DELAY_MS?DELAY
  +--> ?PR?FINGERPRINT_CMD_DELETE_ALL_MODEL?...
  +--> ?PR?_AS608_RECEIVE_DATA?AS608
  +--> ?PR?_BEEP_TIMES?BEEP

?PR?FINGERPRINT_CMD_DELETE_ALL_MODEL?...         002AH    0001H
  +--> ?PR?AS608_CMD_SEND_PACK_HEAD?AS608
  +--> ?CO?AS608
  +--> ?PR?_UART_SEND_BYTE?UART



SYMBOL TABLE OF MODULE:  .\Objects\Test (DELAY)

  VALUE           TYPE          NAME
  ----------------------------------

  -------         MODULE        DELAY
  C:0000H         SYMBOL        _ICE_DUMMY_
  C:0B9DH         PUBLIC        _Delay_ms
  -------         PROC          _DELAY_MS
  D:0006H         SYMBOL        ms
  -------         DO            
  D:0004H         SYMBOL        i
  -------         ENDDO         
  C:0B9DH         LINE#         3
  C:0B9DH         LINE#         4
  C:0B9DH         LINE#         6
  C:0B9DH         LINE#         7
BL51 BANKED LINKER/LOCATER V6.22.2.0                                                  10/14/2021  18:54:56  PAGE 5


  C:0BA1H         LINE#         8
  C:0BAAH         LINE#         9
  C:0BB3H         LINE#         10
  -------         ENDPROC       _DELAY_MS
  -------         ENDMOD        DELAY

  -------         MODULE        MAIN
  C:0000H         SYMBOL        _ICE_DUMMY_
  D:0090H         PUBLIC        P1
  D:00A0H         PUBLIC        P2
  D:00B0H         PUBLIC        P3
  X:0030H         PUBLIC        State
  B:00A0H.4       PUBLIC        KEY_DOWN
  D:00A8H         PUBLIC        IE
  X:0032H         PUBLIC        local_date
  D:00B8H         PUBLIC        IP
  X:0033H         PUBLIC        flag
  C:0003H         PUBLIC        main
  X:0034H         PUBLIC        finger_id
  D:0098H         PUBLIC        SCON
  D:0088H         PUBLIC        TCON
  B:00A0H.2       PUBLIC        KEY_OK
  D:00C8H         PUBLIC        T2CON
  B:00A0H.6       PUBLIC        KEY_UP
  D:00D0H         PUBLIC        PSW
  -------         PROC          MAIN
  C:0003H         LINE#         10
  C:0003H         LINE#         11
  C:0003H         LINE#         12
  C:0006H         LINE#         13
  C:0009H         LINE#         15
  C:0016H         LINE#         16
  C:0019H         LINE#         17
  C:001CH         LINE#         18
  C:0023H         LINE#         19
  C:0026H         LINE#         20
  C:002DH         LINE#         21
  C:002DH         LINE#         22
  C:002DH         LINE#         24
  C:003AH         LINE#         25
  C:0047H         LINE#         26
  C:0054H         LINE#         27
  C:0061H         LINE#         28
  C:006EH         LINE#         29
  C:006EH         LINE#         30
  C:0079H         LINE#         31
  C:007FH         LINE#         32
  C:007FH         LINE#         33
  C:007FH         LINE#         34
  C:0081H         LINE#         35
  C:0090H         LINE#         36
  C:0090H         LINE#         37
  C:009BH         LINE#         38
  C:00A8H         LINE#         39
  C:00AEH         LINE#         40
  C:00AEH         LINE#         41
  C:00B0H         LINE#         42
BL51 BANKED LINKER/LOCATER V6.22.2.0                                                  10/14/2021  18:54:56  PAGE 6


  C:00BFH         LINE#         43
  C:00BFH         LINE#         44
  C:00CAH         LINE#         45
  C:00D7H         LINE#         46
  C:00E4H         LINE#         47
  C:00EAH         LINE#         48
  C:00ECH         LINE#         49
  C:00FBH         LINE#         50
  C:00FBH         LINE#         51
  C:0106H         LINE#         52
  C:0113H         LINE#         53
  C:0120H         LINE#         54
  C:012DH         LINE#         55
  C:012DH         LINE#         57
  C:0130H         LINE#         58
  C:0130H         LINE#         59
  C:0137H         LINE#         60
  C:013AH         LINE#         61
  C:013AH         LINE#         62
  C:013DH         LINE#         63
  C:014BH         LINE#         64
  C:014BH         LINE#         65
  C:014BH         LINE#         66
  C:0151H         LINE#         67
  C:0154H         LINE#         68
  C:0156H         LINE#         70
  C:0156H         LINE#         71
  C:015CH         LINE#         72
  C:0163H         LINE#         73
  C:0163H         LINE#         74
  C:0168H         LINE#         77
  C:016BH         LINE#         78
  C:016BH         LINE#         79
  C:0171H         LINE#         80
  C:0171H         LINE#         81
  C:0174H         LINE#         82
  C:0174H         LINE#         83
  C:0176H         LINE#         85
  C:0176H         LINE#         86
  C:017BH         LINE#         87
  C:017EH         LINE#         88
  C:0184H         LINE#         89
  C:0184H         LINE#         90
  C:0187H         LINE#         91
  C:0187H         LINE#         92
  C:0187H         LINE#         93
  C:0187H         LINE#         94
  C:0187H         LINE#         95
  C:0187H         LINE#         97
  C:018AH         LINE#         98
  C:018AH         LINE#         99
  C:0191H         LINE#         100
  C:0194H         LINE#         101
  C:0194H         LINE#         102
  C:0197H         LINE#         103
  C:01ABH         LINE#         104
  C:01ABH         LINE#         105
BL51 BANKED LINKER/LOCATER V6.22.2.0                                                  10/14/2021  18:54:56  PAGE 7


  C:01AEH         LINE#         106
  C:01BBH         LINE#         107
  C:01BBH         LINE#         108
  C:01BBH         LINE#         109
  C:01BBH         LINE#         110
  C:01C1H         LINE#         111
  C:01C1H         LINE#         112
  C:01C8H         LINE#         113
  C:01CBH         LINE#         114
  C:01CBH         LINE#         115
  C:01CEH         LINE#         116
  C:01DCH         LINE#         117
  C:01DCH         LINE#         118
  C:01DFH         LINE#         119
  C:01EEH         LINE#         120
  C:01EEH         LINE#         122
  C:01EEH         LINE#         123
  C:01F5H         LINE#         124
  C:01FCH         LINE#         125
  C:01FCH         LINE#         126
  -------         ENDPROC       MAIN
  -------         ENDMOD        MAIN

  -------         MODULE        UART
  C:0000H         SYMBOL        _ICE_DUMMY_
  D:0090H         PUBLIC        P1
  C:0BD1H         PUBLIC        _Uart_Send_Byte
  D:00B0H         PUBLIC        P3
  B:00A8H.7       PUBLIC        EA
  D:00A8H         PUBLIC        IE
  C:0BB4H         PUBLIC        Uart_Init
  D:00B8H         PUBLIC        IP
  B:0098H.0       PUBLIC        RI
  B:0098H.1       PUBLIC        TI
  D:0099H         PUBLIC        SBUF
  D:0087H         PUBLIC        PCON
  D:0098H         PUBLIC        SCON
  D:0089H         PUBLIC        TMOD
  D:0088H         PUBLIC        TCON
  C:0BD9H         PUBLIC        Uart_Receive_Byte
  D:008DH         PUBLIC        TH1
  D:008BH         PUBLIC        TL1
  B:0088H.6       PUBLIC        TR1
  D:00C8H         PUBLIC        T2CON
  D:00D0H         PUBLIC        PSW
  -------         PROC          UART_INIT
  C:0BB4H         LINE#         3
  C:0BB4H         LINE#         4
  C:0BB4H         LINE#         5
  C:0BB7H         LINE#         6
  C:0BBAH         LINE#         7
  C:0BBDH         LINE#         8
  C:0BC0H         LINE#         9
  C:0BC3H         LINE#         10
  C:0BC5H         LINE#         11
  C:0BC7H         LINE#         12
  -------         ENDPROC       UART_INIT
BL51 BANKED LINKER/LOCATER V6.22.2.0                                                  10/14/2021  18:54:56  PAGE 8


  -------         PROC          _UART_SEND_BYTE
  D:0007H         SYMBOL        c
  C:0BD1H         LINE#         14
  C:0BD1H         LINE#         15
  C:0BD1H         LINE#         16
  C:0BD3H         LINE#         17
  C:0BD6H         LINE#         18
  C:0BD8H         LINE#         19
  -------         ENDPROC       _UART_SEND_BYTE
  -------         PROC          UART_RECEIVE_BYTE
  -------         DO            
  D:0007H         SYMBOL        dat
  -------         ENDDO         
  C:0BD9H         LINE#         21
  C:0BD9H         LINE#         22
  C:0BD9H         LINE#         24
  C:0BDCH         LINE#         25
  C:0BDEH         LINE#         26
  C:0BE0H         LINE#         27
  C:0BE0H         LINE#         28
  -------         ENDPROC       UART_RECEIVE_BYTE
  -------         ENDMOD        UART

  -------         MODULE        KEY
  C:0000H         SYMBOL        _ICE_DUMMY_
  D:0090H         PUBLIC        P1
  D:00A0H         PUBLIC        P2
  D:00B0H         PUBLIC        P3
  B:00A0H.4       PUBLIC        KEY_DOWN
  D:00A8H         PUBLIC        IE
  D:00B8H         PUBLIC        IP
  C:0BC8H         PUBLIC        Key_Init
  D:0098H         PUBLIC        SCON
  D:0088H         PUBLIC        TCON
  B:00A0H.2       PUBLIC        KEY_OK
  D:00C8H         PUBLIC        T2CON
  B:00A0H.6       PUBLIC        KEY_UP
  B:00A0H.0       PUBLIC        KEY_CANCEL
  D:00D0H         PUBLIC        PSW
  -------         PROC          KEY_INIT
  C:0BC8H         LINE#         3
  C:0BC8H         LINE#         4
  C:0BC8H         LINE#         5
  C:0BCAH         LINE#         6
  C:0BCCH         LINE#         7
  C:0BCEH         LINE#         8
  C:0BD0H         LINE#         9
  -------         ENDPROC       KEY_INIT
  -------         ENDMOD        KEY

  -------         MODULE        BEEP
  C:0000H         SYMBOL        _ICE_DUMMY_
  D:0090H         PUBLIC        P1
  D:00A0H         PUBLIC        P2
  D:00B0H         PUBLIC        P3
  D:00A8H         PUBLIC        IE
  D:00B8H         PUBLIC        IP
BL51 BANKED LINKER/LOCATER V6.22.2.0                                                  10/14/2021  18:54:56  PAGE 9


  B:00A0H.6       PUBLIC        beep
  D:0098H         PUBLIC        SCON
  D:0088H         PUBLIC        TCON
  C:09FBH         PUBLIC        _Beep_Times
  D:00C8H         PUBLIC        T2CON
  D:00D0H         PUBLIC        PSW
  -------         PROC          _BEEP_TIMES
  X:002BH         SYMBOL        times
  -------         DO            
  X:002CH         SYMBOL        i
  -------         ENDDO         
  C:09FBH         LINE#         3
  C:0A00H         LINE#         4
  C:0A00H         LINE#         5
  C:0A03H         LINE#         6
  C:0A0FH         LINE#         7
  C:0A0FH         LINE#         8
  C:0A11H         LINE#         9
  C:0A18H         LINE#         10
  C:0A1AH         LINE#         11
  C:0A21H         LINE#         12
  C:0A29H         LINE#         13
  -------         ENDPROC       _BEEP_TIMES
  -------         ENDMOD        BEEP

  -------         MODULE        LCD12864
  C:0000H         SYMBOL        _ICE_DUMMY_
  D:0080H         PUBLIC        P0
  D:0090H         PUBLIC        P1
  D:00B0H         PUBLIC        P3
  D:00A8H         PUBLIC        IE
  D:00B8H         PUBLIC        IP
  B:00B0H.7       PUBLIC        LCD_PSB
  D:0098H         PUBLIC        SCON
  D:0088H         PUBLIC        TCON
  C:0B67H         PUBLIC        _lcd_wcmd
  C:0B82H         PUBLIC        _lcd_wdat
  B:00B0H.4       PUBLIC        LCD_EN
  C:09C9H         PUBLIC        lcd_init
  B:00B0H.5       PUBLIC        LCD_RS
  B:00B0H.6       PUBLIC        LCD_RW
  D:00C8H         PUBLIC        T2CON
  C:084FH         PUBLIC        _display
  D:00D0H         PUBLIC        PSW
  -------         PROC          _LCD_WCMD
  D:0007H         SYMBOL        cmd
  C:0B67H         LINE#         3
  C:0B67H         LINE#         4
  C:0B67H         LINE#         5
  C:0B69H         LINE#         6
  C:0B6BH         LINE#         7
  C:0B6DH         LINE#         8
  C:0B6FH         LINE#         9
  C:0B76H         LINE#         10
  C:0B78H         LINE#         11
  C:0B7FH         LINE#         12
  C:0B81H         LINE#         13
BL51 BANKED LINKER/LOCATER V6.22.2.0                                                  10/14/2021  18:54:56  PAGE 10


  -------         ENDPROC       _LCD_WCMD
  -------         PROC          _LCD_WDAT
  D:0007H         SYMBOL        dat
  C:0B82H         LINE#         15
  C:0B82H         LINE#         16
  C:0B82H         LINE#         17
  C:0B84H         LINE#         18
  C:0B86H         LINE#         19
  C:0B88H         LINE#         20
  C:0B8AH         LINE#         21
  C:0B91H         LINE#         22
  C:0B93H         LINE#         23
  C:0B9AH         LINE#         24
  C:0B9CH         LINE#         25
  -------         ENDPROC       _LCD_WDAT
  -------         PROC          LCD_INIT
  C:09C9H         LINE#         27
  C:09C9H         LINE#         28
  C:09C9H         LINE#         29
  C:09CBH         LINE#         30
  C:09D0H         LINE#         31
  C:09D7H         LINE#         32
  C:09DCH         LINE#         33
  C:09E3H         LINE#         34
  C:09E8H         LINE#         35
  C:09EFH         LINE#         36
  C:09F4H         LINE#         37
  -------         ENDPROC       LCD_INIT
  -------         PROC          _DISPLAY
  D:0007H         SYMBOL        X
  D:0005H         SYMBOL        Y
  X:002BH         SYMBOL        Z
  -------         DO            
  D:0007H         SYMBOL        pos
  -------         ENDDO         
  C:084FH         LINE#         40
  C:085AH         LINE#         41
  C:085AH         LINE#         43
  C:0864H         LINE#         44
  C:086EH         LINE#         45
  C:0878H         LINE#         46
  C:0880H         LINE#         47
  C:0883H         LINE#         48
  C:0886H         LINE#         49
  C:0897H         LINE#         50
  C:0897H         LINE#         51
  C:089AH         LINE#         52
  C:08A4H         LINE#         53
  C:08A6H         LINE#         54
  -------         ENDPROC       _DISPLAY
  -------         ENDMOD        LCD12864

  -------         MODULE        AS608
  C:0000H         SYMBOL        _ICE_DUMMY_
  D:0090H         PUBLIC        P1
  D:00A0H         PUBLIC        P2
  D:00B0H         PUBLIC        P3
BL51 BANKED LINKER/LOCATER V6.22.2.0                                                  10/14/2021  18:54:56  PAGE 11


  B:00A0H.4       PUBLIC        KEY_DOWN
  C:050FH         PUBLIC        AS608_Reg_Model
  C:05D4H         PUBLIC        AS608_Find_Fingerprint
  D:00A8H         PUBLIC        IE
  C:01FFH         PUBLIC        AS608_Add_Fingerprint
  C:08FAH         PUBLIC        Device_Check
  C:04F6H         PUBLIC        AS608_Search_0_9
  D:00B8H         PUBLIC        IP
  C:0AD0H         PUBLIC        AS608_Cmd_Search_Finger
  X:0000H         PUBLIC        AS608_RECEICE_BUFFER
  C:0A58H         PUBLIC        AS608_Cmd_Get_Img
  C:07F0H         PUBLIC        AS608_number_of_fingers
  C:04DFH         PUBLIC        AS608_Get_Img
  D:0098H         PUBLIC        SCON
  D:0088H         PUBLIC        TCON
  C:0A2AH         PUBLIC        _AS608_Receive_Data
  C:0515H         PUBLIC        AS608_Delete_All_Model
  C:0501H         PUBLIC        AS608_Img_To_Buffer1
  C:0508H         PUBLIC        AS608_Img_To_Buffer2
  C:04E5H         PUBLIC        AS608_Get_Templete_Count
  C:0B20H         PUBLIC        FINGERPRINT_Cmd_Delete_All_Model
  C:098FH         PUBLIC        AS608_Cmd_Send_Pack_Head
  C:0789H         PUBLIC        AS608_Delete_All_Fingerprint
  C:0A80H         PUBLIC        FINGERPRINT_Cmd_Img_To_Buffer1
  C:0AA8H         PUBLIC        FINGERPRINT_Cmd_Img_To_Buffer2
  C:051BH         PUBLIC        _AS608_Cmd_Save_Finger
  X:0020H         PUBLIC        AS608_Save_Finger
  B:00A0H.2       PUBLIC        KEY_OK
  D:00C8H         PUBLIC        T2CON
  C:04D9H         PUBLIC        AS608_Pack_Head
  C:04CFH         PUBLIC        AS608_Get_Device
  C:094BH         PUBLIC        AS608_Cmd_Check
  C:04EBH         PUBLIC        AS608_Search
  B:00A0H.6       PUBLIC        KEY_UP
  B:00A0H.0       PUBLIC        KEY_CANCEL
  D:00D0H         PUBLIC        PSW
  C:0AF8H         PUBLIC        AS608_Cmd_Reg_Model
  -------         PROC          AS608_CMD_SEND_PACK_HEAD
  -------         DO            
  X:002EH         SYMBOL        i
  -------         ENDDO         
  C:098FH         LINE#         19
  C:098FH         LINE#         20
  C:098FH         LINE#         22
  C:09A8H         LINE#         23
  C:09A8H         LINE#         24
  C:09B8H         LINE#         25
  C:09C8H         LINE#         26
  -------         ENDPROC       AS608_CMD_SEND_PACK_HEAD
  -------         PROC          AS608_CMD_CHECK
  -------         DO            
  X:002AH         SYMBOL        i
  -------         ENDDO         
  C:094BH         LINE#         29
  C:094BH         LINE#         30
  C:094BH         LINE#         31
  C:0952H         LINE#         32
BL51 BANKED LINKER/LOCATER V6.22.2.0                                                  10/14/2021  18:54:56  PAGE 12


  C:0955H         LINE#         33
  C:096EH         LINE#         34
  C:096EH         LINE#         35
  C:097EH         LINE#         36
  C:098EH         LINE#         37
  -------         ENDPROC       AS608_CMD_CHECK
  -------         PROC          _AS608_RECEIVE_DATA
  X:002CH         SYMBOL        ucLength
  -------         DO            
  X:002DH         SYMBOL        i
  -------         ENDDO         
  C:0A2AH         LINE#         40
  C:0A2FH         LINE#         41
  C:0A2FH         LINE#         43
  C:0A3DH         LINE#         44
  C:0A57H         LINE#         45
  -------         ENDPROC       _AS608_RECEIVE_DATA
  -------         PROC          AS608_CMD_GET_IMG
  -------         DO            
  X:002BH         SYMBOL        i
  -------         ENDDO         
  C:0A58H         LINE#         48
  C:0A58H         LINE#         49
  C:0A58H         LINE#         51
  C:0A5BH         LINE#         52
  C:0A6EH         LINE#         53
  C:0A6EH         LINE#         54
  C:0A77H         LINE#         55
  C:0A7FH         LINE#         56
  -------         ENDPROC       AS608_CMD_GET_IMG
  -------         PROC          FINGERPRINT_CMD_IMG_TO_BUFFER1
  -------         DO            
  X:002BH         SYMBOL        i
  -------         ENDDO         
  C:0A80H         LINE#         59
  C:0A80H         LINE#         60
  C:0A80H         LINE#         62
  C:0A83H         LINE#         63
  C:0A96H         LINE#         64
  C:0A96H         LINE#         65
  C:0A9FH         LINE#         66
  C:0AA7H         LINE#         67
  -------         ENDPROC       FINGERPRINT_CMD_IMG_TO_BUFFER1
  -------         PROC          FINGERPRINT_CMD_IMG_TO_BUFFER2
  -------         DO            
  X:0029H         SYMBOL        i
  -------         ENDDO         
  C:0AA8H         LINE#         69
  C:0AA8H         LINE#         70
  C:0AA8H         LINE#         72
  C:0AABH         LINE#         73
  C:0ABEH         LINE#         74
  C:0ABEH         LINE#         75
  C:0AC7H         LINE#         76
  C:0ACFH         LINE#         77
  -------         ENDPROC       FINGERPRINT_CMD_IMG_TO_BUFFER2
  -------         PROC          AS608_CMD_SEARCH_FINGER
BL51 BANKED LINKER/LOCATER V6.22.2.0                                                  10/14/2021  18:54:56  PAGE 13


  -------         DO            
  X:002BH         SYMBOL        i
  -------         ENDDO         
  C:0AD0H         LINE#         80
  C:0AD0H         LINE#         81
  C:0AD0H         LINE#         83
  C:0AD3H         LINE#         84
  C:0AE6H         LINE#         85
  C:0AE6H         LINE#         86
  C:0AEFH         LINE#         87
  C:0AF7H         LINE#         88
  -------         ENDPROC       AS608_CMD_SEARCH_FINGER
  -------         PROC          AS608_CMD_REG_MODEL
  -------         DO            
  X:0029H         SYMBOL        i
  -------         ENDDO         
  C:0AF8H         LINE#         91
  C:0AF8H         LINE#         92
  C:0AF8H         LINE#         94
  C:0AFBH         LINE#         95
  C:0B0EH         LINE#         96
  C:0B0EH         LINE#         97
  C:0B17H         LINE#         98
  C:0B1FH         LINE#         99
  -------         ENDPROC       AS608_CMD_REG_MODEL
  -------         PROC          FINGERPRINT_CMD_DELETE_ALL_MODEL
  -------         DO            
  X:002AH         SYMBOL        i
  -------         ENDDO         
  C:0B20H         LINE#         102
  C:0B20H         LINE#         103
  C:0B20H         LINE#         105
  C:0B23H         LINE#         106
  C:0B36H         LINE#         107
  C:0B36H         LINE#         108
  C:0B3FH         LINE#         109
  C:0B47H         LINE#         110
  -------         ENDPROC       FINGERPRINT_CMD_DELETE_ALL_MODEL
  -------         PROC          _AS608_CMD_SAVE_FINGER
  D:0002H         SYMBOL        storeID
  -------         DO            
  X:0029H         SYMBOL        temp
  X:002DH         SYMBOL        i
  -------         ENDDO         
  C:051BH         LINE#         113
  C:051FH         LINE#         114
  C:051FH         LINE#         115
  C:0529H         LINE#         117
  C:052EH         LINE#         118
  C:0531H         LINE#         119
  C:0543H         LINE#         120
  C:057CH         LINE#         121
  C:0593H         LINE#         122
  C:05A6H         LINE#         123
  C:05A9H         LINE#         124
  C:05BCH         LINE#         125
  C:05D3H         LINE#         126
BL51 BANKED LINKER/LOCATER V6.22.2.0                                                  10/14/2021  18:54:56  PAGE 14


  -------         ENDPROC       _AS608_CMD_SAVE_FINGER
  -------         PROC          AS608_NUMBER_OF_FINGERS
  -------         DO            
  X:0029H         SYMBOL        num
  X:002BH         SYMBOL        i
  -------         ENDDO         
  C:07F0H         LINE#         129
  C:07F0H         LINE#         130
  C:07F0H         LINE#         131
  C:07F8H         LINE#         132
  C:07FBH         LINE#         133
  C:07FEH         LINE#         134
  C:0811H         LINE#         135
  C:0811H         LINE#         136
  C:081AH         LINE#         137
  C:0822H         LINE#         138
  C:0828H         LINE#         139
  C:082DH         LINE#         140
  C:0833H         LINE#         141
  C:0833H         LINE#         142
  C:0846H         LINE#         143
  C:0846H         LINE#         144
  C:084EH         LINE#         145
  -------         ENDPROC       AS608_NUMBER_OF_FINGERS
  -------         PROC          AS608_ADD_FINGERPRINT
  C:01FFH         LINE#         171
  C:01FFH         LINE#         172
  C:01FFH         LINE#         173
  C:0204H         LINE#         174
  C:020BH         LINE#         175
  C:020BH         LINE#         176
  C:020BH         LINE#         177
  C:0218H         LINE#         178
  C:0225H         LINE#         179
  C:0228H         LINE#         180
  C:0228H         LINE#         181
  C:022FH         LINE#         182
  C:0232H         LINE#         183
  C:0232H         LINE#         184
  C:023AH         LINE#         185
  C:023AH         LINE#         186
  C:023AH         LINE#         187
  C:023AH         LINE#         189
  C:023DH         LINE#         190
  C:023DH         LINE#         191
  C:0244H         LINE#         192
  C:0247H         LINE#         193
  C:0247H         LINE#         194
  C:024AH         LINE#         195
  C:0256H         LINE#         196
  C:0256H         LINE#         197
  C:025EH         LINE#         198
  C:0260H         LINE#         200
  C:0260H         LINE#         201
  C:026EH         LINE#         202
  C:026EH         LINE#         203
  C:026EH         LINE#         204
BL51 BANKED LINKER/LOCATER V6.22.2.0                                                  10/14/2021  18:54:56  PAGE 15


  C:026EH         LINE#         205
  C:0271H         LINE#         206
  C:0271H         LINE#         207
  C:0278H         LINE#         208
  C:027BH         LINE#         209
  C:027BH         LINE#         210
  C:027EH         LINE#         211
  C:028AH         LINE#         212
  C:028AH         LINE#         213
  C:0294H         LINE#         214
  C:0296H         LINE#         216
  C:0296H         LINE#         217
  C:02A4H         LINE#         218
  C:02A4H         LINE#         219
  C:02A4H         LINE#         220
  C:02A4H         LINE#         224
  C:02AAH         LINE#         225
  C:02AAH         LINE#         226
  C:02B1H         LINE#         227
  C:02B7H         LINE#         228
  C:02B7H         LINE#         229
  C:02BAH         LINE#         230
  C:02C7H         LINE#         231
  C:02D4H         LINE#         232
  C:02DAH         LINE#         233
  C:02DAH         LINE#         235
  C:02DDH         LINE#         236
  C:02DDH         LINE#         237
  C:02E4H         LINE#         238
  C:02E7H         LINE#         239
  C:02E7H         LINE#         240
  C:02EFH         LINE#         241
  C:02EFH         LINE#         242
  C:02EFH         LINE#         244
  C:02EFH         LINE#         245
  C:02F2H         LINE#         246
  C:02F7H         LINE#         248
  C:02FDH         LINE#         249
  C:02FDH         LINE#         250
  C:0303H         LINE#         251
  C:0306H         LINE#         252
  C:030BH         LINE#         253
  C:0318H         LINE#         254
  C:031DH         LINE#         255
  C:0324H         LINE#         256
  C:0331H         LINE#         257
  C:033EH         LINE#         258
  C:033EH         LINE#         259
  C:033EH         LINE#         260
  C:0341H         LINE#         261
  C:0341H         LINE#         262
  C:0348H         LINE#         263
  C:034BH         LINE#         264
  C:034BH         LINE#         265
  C:0353H         LINE#         266
  C:0353H         LINE#         267
  C:0353H         LINE#         268
BL51 BANKED LINKER/LOCATER V6.22.2.0                                                  10/14/2021  18:54:56  PAGE 16


  C:0353H         LINE#         269
  C:0356H         LINE#         270
  C:035BH         LINE#         272
  C:0361H         LINE#         273
  C:0361H         LINE#         274
  C:0367H         LINE#         275
  C:0374H         LINE#         276
  C:037BH         LINE#         277
  C:0388H         LINE#         283
  C:038BH         LINE#         284
  C:0390H         LINE#         285
  C:0393H         LINE#         286
  C:0398H         LINE#         287
  C:03A3H         LINE#         288
  C:03A8H         LINE#         289
  C:03ADH         LINE#         290
  C:03B4H         LINE#         291
  C:03C2H         LINE#         292
  C:03C5H         LINE#         293
  C:03C5H         LINE#         294
  C:03C5H         LINE#         295
  C:03C5H         LINE#         296
  C:03C5H         LINE#         297
  C:03C5H         LINE#         298
  C:03C5H         LINE#         299
  C:03C5H         LINE#         300
  C:03C5H         LINE#         301
  -------         ENDPROC       AS608_ADD_FINGERPRINT
  -------         PROC          AS608_FIND_FINGERPRINT
  -------         DO            
  X:0029H         SYMBOL        find_fingerid
  -------         ENDDO         
  C:05D4H         LINE#         304
  C:05D4H         LINE#         305
  C:05D4H         LINE#         306
  C:05DBH         LINE#         307
  C:05E6H         LINE#         308
  C:05F3H         LINE#         309
  C:0600H         LINE#         310
  C:060DH         LINE#         312
  C:060DH         LINE#         313
  C:0610H         LINE#         314
  C:0615H         LINE#         315
  C:061BH         LINE#         316
  C:061BH         LINE#         317
  C:0621H         LINE#         318
  C:0624H         LINE#         319
  C:0629H         LINE#         320
  C:062CH         LINE#         321
  C:0631H         LINE#         322
  C:0637H         LINE#         323
  C:0637H         LINE#         324
  C:0643H         LINE#         325
  C:0648H         LINE#         327
  C:064EH         LINE#         328
  C:064EH         LINE#         329
  C:0651H         LINE#         330
BL51 BANKED LINKER/LOCATER V6.22.2.0                                                  10/14/2021  18:54:56  PAGE 17


  C:0658H         LINE#         331
  C:065BH         LINE#         332
  C:065BH         LINE#         333
  C:0661H         LINE#         334
  C:0668H         LINE#         335
  C:0668H         LINE#         336
  C:0668H         LINE#         338
  C:0668H         LINE#         339
  C:0675H         LINE#         340
  C:067AH         LINE#         341
  C:067AH         LINE#         342
  C:067AH         LINE#         343
  C:067AH         LINE#         344
  C:067DH         LINE#         345
  -------         ENDPROC       AS608_FIND_FINGERPRINT
  -------         PROC          AS608_DELETE_ALL_FINGERPRINT
  -------         DO            
  X:0029H         SYMBOL        i
  -------         ENDDO         
  C:0789H         LINE#         347
  C:0789H         LINE#         348
  C:0789H         LINE#         349
  C:078EH         LINE#         350
  C:079AH         LINE#         351
  C:07A7H         LINE#         353
  C:07A7H         LINE#         354
  C:07AAH         LINE#         355
  C:07AAH         LINE#         356
  C:07B1H         LINE#         357
  C:07B4H         LINE#         358
  C:07B4H         LINE#         359
  C:07B7H         LINE#         360
  C:07C4H         LINE#         361
  C:07CBH         LINE#         368
  C:07CEH         LINE#         369
  C:07D3H         LINE#         370
  C:07E0H         LINE#         371
  C:07E7H         LINE#         372
  C:07ECH         LINE#         373
  C:07ECH         LINE#         374
  C:07ECH         LINE#         375
  C:07ECH         LINE#         376
  C:07EFH         LINE#         377
  -------         ENDPROC       AS608_DELETE_ALL_FINGERPRINT
  -------         PROC          DEVICE_CHECK
  -------         DO            
  X:0029H         SYMBOL        i
  -------         ENDDO         
  C:08FAH         LINE#         379
  C:08FAH         LINE#         380
  C:08FAH         LINE#         381
  C:08FFH         LINE#         382
  C:0904H         LINE#         383
  C:0911H         LINE#         384
  C:0918H         LINE#         385
  C:0925H         LINE#         386
  C:0928H         LINE#         387
BL51 BANKED LINKER/LOCATER V6.22.2.0                                                  10/14/2021  18:54:56  PAGE 18


  C:092DH         LINE#         388
  C:0933H         LINE#         389
  C:0933H         LINE#         390
  C:093FH         LINE#         391
  C:093FH         LINE#         392
  C:0946H         LINE#         393
  -------         ENDPROC       DEVICE_CHECK
  -------         ENDMOD        AS608

  -------         MODULE        NVIC
  C:0000H         SYMBOL        _ICE_DUMMY_
  D:0090H         PUBLIC        P1
  D:00B0H         PUBLIC        P3
  B:00A8H.7       PUBLIC        EA
  D:00A8H         PUBLIC        IE
  D:00B8H         PUBLIC        IP
  C:0BE1H         PUBLIC        NVIC_Init
  D:0098H         PUBLIC        SCON
  D:0088H         PUBLIC        TCON
  B:00A8H.0       PUBLIC        EX0
  B:0088H.0       PUBLIC        IT0
  D:00C8H         PUBLIC        T2CON
  D:00D0H         PUBLIC        PSW
  -------         PROC          NVIC_INIT
  C:0BE1H         LINE#         3
  C:0BE1H         LINE#         4
  C:0BE1H         LINE#         5
  C:0BE3H         LINE#         6
  C:0BE5H         LINE#         7
  C:0BE7H         LINE#         8
  -------         ENDPROC       NVIC_INIT
  -------         ENDMOD        NVIC

  -------         MODULE        ?C?CLDPTR
  C:070AH         PUBLIC        ?C?CLDPTR
  -------         ENDMOD        ?C?CLDPTR

  -------         MODULE        ?C?IILDX
  C:0723H         PUBLIC        ?C?IILDX
  -------         ENDMOD        ?C?IILDX

  -------         MODULE        ?C?ULSHR
  C:0739H         PUBLIC        ?C?ULSHR
  -------         ENDMOD        ?C?ULSHR

  -------         MODULE        ?C?LSTXDATA
  C:074CH         PUBLIC        ?C?LSTXDATA
  -------         ENDMOD        ?C?LSTXDATA

  -------         MODULE        ?C?LSTKXDATA
  C:0758H         PUBLIC        ?C?LSTKXDATA
  -------         ENDMOD        ?C?LSTKXDATA

*** WARNING L16: UNCALLED SEGMENT, IGNORED FOR OVERLAY PROCESS
    SEGMENT: ?PR?NVIC_INIT?NVIC

Program Size: data=9.0 xdata=54 code=3048
BL51 BANKED LINKER/LOCATER V6.22.2.0                                                  10/14/2021  18:54:56  PAGE 19


LINK/LOCATE RUN COMPLETE.  1 WARNING(S),  0 ERROR(S)
